// Jest Snapshot v1, https://goo.gl/fbAQLP

exports[`should render login page 1`] = `
<div
  xmlns="http://www.w3.org/1999/xhtml"
>
  <button>
    Log In
  </button>
</div>
`;
